===================================================================================================================
Processing file data/own\SensorConnectData_58.csv
GCP are available & correct for file SensorConnectData_58.
Processing LSTM detector for file SensorConnectData_58.
Plotting zero velocity detection for LSTM detector for file SensorConnectData_58.
There are 72/72 strides detected in experiment #58.
File SensorConnectData_58, i.e., experiment 58 will be used in performance evaluation.
There are 73 GCP for file SensorConnectData_58, i.e., experiment 58.
RMSE for GCP 1 stepped on at stride 0 is 0.0001
RMSE for GCP 2 stepped on at stride 1 is 0.0135
RMSE for GCP 3 stepped on at stride 2 is 0.0456
RMSE for GCP 4 stepped on at stride 3 is 0.0810
RMSE for GCP 5 stepped on at stride 4 is 0.0977
RMSE for GCP 6 stepped on at stride 5 is 0.1282
RMSE for GCP 7 stepped on at stride 6 is 0.1432
RMSE for GCP 8 stepped on at stride 7 is 0.1500
RMSE for GCP 9 stepped on at stride 8 is 0.1815
RMSE for GCP 10 stepped on at stride 9 is 0.2040
RMSE for GCP 11 stepped on at stride 10 is 0.2321
RMSE for GCP 12 stepped on at stride 11 is 0.2530
RMSE for GCP 13 stepped on at stride 12 is 0.2782
RMSE for GCP 14 stepped on at stride 13 is 0.3171
RMSE for GCP 15 stepped on at stride 14 is 0.3518
RMSE for GCP 16 stepped on at stride 15 is 0.3903
RMSE for GCP 17 stepped on at stride 16 is 0.4329
RMSE for GCP 18 stepped on at stride 17 is 0.4720
RMSE for GCP 19 stepped on at stride 18 is 0.5372
RMSE for GCP 20 stepped on at stride 19 is 0.5881
RMSE for GCP 21 stepped on at stride 20 is 0.6338
RMSE for GCP 22 stepped on at stride 21 is 0.6863
RMSE for GCP 23 stepped on at stride 22 is 0.7536
RMSE for GCP 24 stepped on at stride 23 is 0.8224
RMSE for GCP 25 stepped on at stride 24 is 0.8974
RMSE for GCP 26 stepped on at stride 25 is 0.9812
RMSE for GCP 27 stepped on at stride 26 is 1.0595
RMSE for GCP 28 stepped on at stride 27 is 1.1411
RMSE for GCP 29 stepped on at stride 28 is 1.2318
RMSE for GCP 30 stepped on at stride 29 is 1.3219
RMSE for GCP 31 stepped on at stride 30 is 1.3023
RMSE for GCP 32 stepped on at stride 31 is 1.2323
RMSE for GCP 33 stepped on at stride 32 is 1.2570
RMSE for GCP 34 stepped on at stride 33 is 1.2311
RMSE for GCP 35 stepped on at stride 34 is 1.2163
RMSE for GCP 36 stepped on at stride 35 is 1.1998
RMSE for GCP 37 stepped on at stride 36 is 1.2132
RMSE for GCP 38 stepped on at stride 37 is 1.1854
RMSE for GCP 39 stepped on at stride 38 is 1.0546
RMSE for GCP 40 stepped on at stride 39 is 0.9248
RMSE for GCP 41 stepped on at stride 40 is 0.8030
RMSE for GCP 42 stepped on at stride 41 is 0.6718
RMSE for GCP 43 stepped on at stride 42 is 0.5370
RMSE for GCP 44 stepped on at stride 43 is 0.4046
RMSE for GCP 45 stepped on at stride 44 is 0.2827
RMSE for GCP 46 stepped on at stride 45 is 0.1833
RMSE for GCP 47 stepped on at stride 46 is 0.1773
RMSE for GCP 48 stepped on at stride 47 is 0.2756
RMSE for GCP 49 stepped on at stride 48 is 0.4076
RMSE for GCP 50 stepped on at stride 49 is 0.5533
RMSE for GCP 51 stepped on at stride 50 is 0.7334
RMSE for GCP 52 stepped on at stride 51 is 0.8764
RMSE for GCP 53 stepped on at stride 52 is 1.0427
RMSE for GCP 54 stepped on at stride 53 is 1.2115
RMSE for GCP 55 stepped on at stride 54 is 1.3837
RMSE for GCP 56 stepped on at stride 55 is 1.5599
RMSE for GCP 57 stepped on at stride 56 is 1.7485
RMSE for GCP 58 stepped on at stride 57 is 1.9426
RMSE for GCP 59 stepped on at stride 58 is 2.1258
RMSE for GCP 60 stepped on at stride 59 is 2.3312
RMSE for GCP 61 stepped on at stride 60 is 2.5342
RMSE for GCP 62 stepped on at stride 61 is 2.7635
RMSE for GCP 63 stepped on at stride 62 is 2.9971
RMSE for GCP 64 stepped on at stride 63 is 3.2047
RMSE for GCP 65 stepped on at stride 64 is 3.4226
RMSE for GCP 66 stepped on at stride 65 is 3.6635
RMSE for GCP 67 stepped on at stride 66 is 3.6461
RMSE for GCP 68 stepped on at stride 67 is 3.6510
RMSE for GCP 69 stepped on at stride 68 is 3.6832
RMSE for GCP 70 stepped on at stride 69 is 3.7243
RMSE for GCP 71 stepped on at stride 70 is 3.7818
RMSE for GCP 72 stepped on at stride 71 is 3.8496
RMSE for GCP 73 stepped on at stride 72 is 3.9328
Average RMSE for all GCP strides in experiment 58 is 1.2377
There are 72/72 strides detected in experiment #58.
Experiment #58 is annotated stride-wise (GCP) & going to be used in LLIO training/testing.
Traveled distance is 91.084 meters in experiment #58.
Travel time is 96.997 seconds in experiment #58.
===================================================================================================================
Total traveled distance in 1 hallway experiments (to be used for LLIO training/test) is 91.084 meters.
Total traverse time in 1 hallway experiments (to be used for LLIO training/test) is 96.997s = 1.617mins.
===================================================================================================================
There are 1 experiments processed.
Processing complete for all files.
